<html>
<body>
<pre>
<h1>礦ision Build Log</h1>
<h2>Tool Versions:</h2>
IDE-Version: μVision V5.15
Copyright (C) 2015 ARM Ltd and ARM Germany GmbH. All rights reserved.
License Information: 123 123, 123, LIC=NQQMA-170VD-II95V-P614H-ZAPNL-7KDCT
 
Tool Versions:
Toolchain:       MDK-ARM Standard  Version: 5.15.0
Toolchain Path:  D:\MDK5\ARM\ARMCC\Bin
C Compiler:      Armcc.exe V5.05 update 2 (build 169)
Assembler:       Armasm.exe V5.05 update 2 (build 169)
Linker/Locator:  ArmLink.exe V5.05 update 2 (build 169)
Library Manager: ArmAr.exe V5.05 update 2 (build 169)
Hex Converter:   FromElf.exe V5.05 update 2 (build 169)
CPU DLL:         SARMCM3.DLL V5.15.0
Dialog DLL:      DARMCM1.DLL V1.12.0.0
Target DLL:      STLink\ST-LINKIII-KEIL_SWO.dll V2.0.15.0_KEIL
Dialog DLL:      TARMCM1.DLL V1.9.0.0
 
<h2>Project:</h2>
D:\zhuomian\file\STMcode\wwsn20240909-完善发送数据到服务器\Demo1-B\MDK-ARM\Demo1-B.uvprojx
Project File Date:  02/01/2023

<h2>Output:</h2>
*** Using Compiler 'V5.05 update 2 (build 169)', folder: 'D:\MDK5\ARM\ARMCC\Bin'
Build target 'Demo1-B'
compiling main.c...
../Core/Src/main.c(101): warning:  #177-D: variable "CSTXREVData" was declared but never referenced
        char *CSTXREVData[3];
../Core/Src/main.c: 1 warning, 0 errors
linking...
Program Size: Code=14576 RO-data=2832 RW-data=56 ZI-data=2304  
FromELF: creating hex file...
"Demo1-B\mqtt.axf" - 0 Error(s), 1 Warning(s).

<h2>Software Packages used:</h2>

Package Vendor: ARM
                http://www.keil.com/pack/ARM.CMSIS.4.3.0.pack
                ARM::CMSIS:CORE:4.1.0
                CMSIS (Cortex Microcontroller Software Interface Standard)
   * Component: CORE Version: 4.1.0

<h2>Collection of Component include folders:</h2>
  D:\zhuomian\file\STMcode\wwsn20240909-完善发送数据到服务器\Demo1-B\MDK-ARM\RTE
  D:\MDK5\ARM\PACK\ARM\CMSIS\4.3.0\CMSIS\Include
  D:\MDK5\ARM\PACK\Keil\STM32G0xx_DFP\1.2.0\Drivers\CMSIS\Device\ST\STM32G0xx\Include

<h2>Collection of Component Files used:</h2>

   * Component: ARM::CMSIS:CORE:4.1.0
</pre>
</body>
</html>
